Microsoft (R) Macro Assembler Version 5.10                  10/10/20 01:04:3
                                                             Page     1-1


       1				; HELLO2 - Учебная программа N2  лаб.ра
					б.#1 по дисциплине "Архитектура компьют
					ера"
       2				;          Программа использует процеду
					ру для печати строки
       3				;
       4				;      ТЕКСТ  ПРОГРАММЫ
       5				
       6 = 0024				EOFLine  EQU  '$'         ; Определение
					 символьной константы
       7				                          ;     "Конец 
					строки"
       8				
       9				; Стек  программы
      10				
      11 0000				AStack    SEGMENT  STACK
      12 0000  000C[			          DW 12 DUP(?)    ; Отводится 1
					2 слов памяти
      13	   ????			
      14			 ]	
      15				
      16 0018				AStack    ENDS
      17				
      18				; Данные программы
      19				
      20 0000				DATA      SEGMENT
      21				
      22				;  Директивы описания данных
      23				
      24 0000  48 65 6C 6C 6F 20	HELLO     DB 'Hello Worlds!', 0AH, 0DH,
					EOFLine
      25       57 6F 72 6C 64 73	
      26       21 0A 0D 24		
      27 0010  53 74 75 64 65 6E	GREETING  DB 'Student from 9383 - Moise
					ychenko K.A.$'
      28       74 20 66 72 6F 6D	
      29       20 39 33 38 33 20	
      30       2D 20 4D 6F 69 73	
      31       65 79 63 68 65 6E	
      32       6B 6F 20 4B 2E 41	
      33       2E 24			
      34 0036				DATA      ENDS
      35				
      36				; Код программы
      37				
      38 0000				CODE      SEGMENT
      39				          ASSUME CS:Code
      40				          ASSUME DS:DATA
      41				          ASSUME SS:AStack
      42				; Процедура печати строки
      43 0000				WriteMsg  PROC  NEAR
      44 0000  B4 09			          mov   AH,9
      45 0002  CD 21			          int   21h  ; Вызов функции DO
					S по прерыванию
Microsoft (R) Macro Assembler Version 5.10                  10/10/20 01:04:3
                                                             Page     1-2


      46 0004  C3			          ret
      47 0005				WriteMsg  ENDP
      48				
      49				; Головная процедура
      50 0005				Main      PROC  FAR
      51 0005  1E			          push  DS       ;\  Сохранение
					 адреса начала PSP в стеке
      52 0006  2B C0			          sub   AX,AX    ; > для послед
					ующего восстановления по
      53 0008  50			          push  AX       ;/  команде re
					t, завершающей процедуру.
      54 0009  B8 ---- R		          mov   AX,DATA             ; З
					агрузка сегментного
      55 000C  8E D8			          mov   DS,AX               ; р
					егистра данных.
      56 000E  BA 0000 R		          mov   DX, OFFSET HELLO    ; В
					ывод на экран первой
      57 0011  E8 0000 R		          call  WriteMsg            ; с
					троки приветствия.
      58 0014  BA 0010 R		          mov   DX, OFFSET GREETING ; В
					ывод на экран второй
      59 0017  E8 0000 R		          call  WriteMsg            ; с
					троки приветствия.
      60 001A  CB			          ret                       ; В
					ыход в DOS по команде,
      61				                                    ; н
					аходящейся в 1-ом слове PSP.
      62 001B				Main      ENDP
      63 001B				CODE      ENDS
      64				          END Main
Microsoft (R) Macro Assembler Version 5.10                  10/10/20 01:04:3
                                                             Symbols-1


Segments and Groups:

                N a m e         	Length	 Align	Combine Class

ASTACK . . . . . . . . . . . . .  	0018	PARA	STACK	
CODE . . . . . . . . . . . . . .  	001B	PARA	NONE	
DATA . . . . . . . . . . . . . .  	0036	PARA	NONE	

Symbols:            

                N a m e         	Type	 Value	 Attr

EOFLINE  . . . . . . . . . . . .  	NUMBER	0024	

GREETING . . . . . . . . . . . .  	L BYTE	0010	DATA

HELLO  . . . . . . . . . . . . .  	L BYTE	0000	DATA

MAIN . . . . . . . . . . . . . .  	F PROC	0005	CODE	Length = 0016

WRITEMSG . . . . . . . . . . . .  	N PROC	0000	CODE	Length = 0005

@CPU . . . . . . . . . . . . . .  	TEXT  0101h		
@FILENAME  . . . . . . . . . . .  	TEXT  hello2		
@VERSION . . . . . . . . . . . .  	TEXT  510		


     53 Source  Lines
     53 Total   Lines
     13 Symbols

  47466 + 461841 Bytes symbol space free

      0 Warning Errors
      0 Severe  Errors
