Microsoft (R) Macro Assembler Version 5.10                  10/10/20 01:03:3
                                                             Page     1-1


       1				
       2				; HELLO1.ASM -  упрощенная версия учебн
					ой программы лаб.раб. N1
       3				;               по дисциплине "Архитект
					ура компьютера"
       4				; *************************************
					****************************
       5				; Назначение: Программа формирует и выв
					одит на экран приветствие
       6				;             пользователя с помощью фу
					нкции ДОС "Вывод строки"
       7				;             (номер 09 прерывание 21h)
					, которая:
       8				;              - обеспечивает вывод на 
					экран строки символов,
       9				;                заканчивающейся знаком
					 "$";
      10				;              - требует задания в реги
					стре ah номера функции=09h,
      11				;                а в регистре dx -  сме
					щения  адреса  выводимой
      12				;                строки;
      13				;              - использует регистр  ax
					  и  не сохраняет его
      14				;                содержимое.
      15				; *************************************
					*****************************
      16				
      17				   DOSSEG                              
					        ; Задание сегментов под ДОС
      18				   .MODEL  SMALL                       
					        ; Модель памяти-SMALL(Малая)
      19				   .STACK  100h                        
					        ; Отвести под Стек 256 байт
      20				   .DATA                               
					        ; Начало сегмента данных
      21 0000				Greeting  LABEL  BYTE                  
					        ; Текст  приветствия
      22 0000  82 A0 E1 20 AF E0	   DB 'Вас приветствует ст.гр.9383 - Мо
					исейченко К.А.',13,10,'$'
      23       A8 A2 A5 E2 E1 E2	
      24       A2 E3 A5 E2 20 E1	
      25       E2 2E A3 E0 2E 39	
      26       33 38 33 20 2D 20	
      27       8C AE A8 E1 A5 A9	
      28       E7 A5 AD AA AE 20	
      29       8A 2E 80 2E 0D 0A	
      30       24			
      31				   .CODE                               
					 ; Начало сегмента кода
      32 0000  B8 ---- R		   mov  ax, @data                      
					  ; Загрузка в DS адреса начала
      33 0003  8E D8			   mov  ds, ax                         
					  ; сегмента данных
Microsoft (R) Macro Assembler Version 5.10                  10/10/20 01:03:3
                                                             Page     1-2


      34 0005  BA 0000 R		   mov  dx, OFFSET Greeting            
					  ; Загрузка в dx смещения
      35				                                       
					 ; адреса текста приветствия
      36 0008				DisplayGreeting:
      37 0008  B4 09			   mov  ah, 9                          
					  ; # функции ДОС печати строки
      38 000A  CD 21			   int  21h                            
					 ; вывод на экран  приветствия
      39 000C  B4 4C			   mov  ah, 4ch                        
					  ; # функции ДОС завершения программы
      40 000E  CD 21			   int  21h                            
					 ; завершение программы и выход в ДОС
      41				   END
Microsoft (R) Macro Assembler Version 5.10                  10/10/20 01:03:3
                                                             Symbols-1


Segments and Groups:

                N a m e         	Length	 Align	Combine Class

DGROUP . . . . . . . . . . . . .  	GROUP
  _DATA  . . . . . . . . . . . .  	0031	WORD	PUBLIC	'DATA'
  STACK  . . . . . . . . . . . .  	0100	PARA	STACK	'STACK'
_TEXT  . . . . . . . . . . . . .  	0010	WORD	PUBLIC	'CODE'

Symbols:            

                N a m e         	Type	 Value	 Attr

DISPLAYGREETING  . . . . . . . .  	L NEAR	0008	_TEXT

GREETING . . . . . . . . . . . .  	L BYTE	0000	_DATA

@CODE  . . . . . . . . . . . . .  	TEXT  _TEXT		
@CODESIZE  . . . . . . . . . . .  	TEXT  0		
@CPU . . . . . . . . . . . . . .  	TEXT  0101h		
@DATASIZE  . . . . . . . . . . .  	TEXT  0		
@FILENAME  . . . . . . . . . . .  	TEXT  hello1		
@VERSION . . . . . . . . . . . .  	TEXT  510		


     33 Source  Lines
     33 Total   Lines
     19 Symbols

  47458 + 461849 Bytes symbol space free

      0 Warning Errors
      0 Severe  Errors
