Microsoft (R) Macro Assembler Version 5.10                  11/4/20 19:41:29
                                                             Page     1-1


 0000				AStack SEGMENT STACK
 0000  0002[			     DW 2 DUP(?)
	   ????			
			 ]	
				
 0004				AStack ENDS

 0000				DATA SEGMENT

 0000  0002			a DW 2
 0002  0001			b DW 1
 0004  0002			i DW 2
 0006  FFFF			k DW -1
				
 0008  0000			i1 DW ?
 000A  0000			i2 DW ?
 000C  0000			res DW ?
				
 000E				DATA ENDS
				; Код программы
 0000				CODE SEGMENT
				ASSUME CS:CODE, DS:DATA, SS:AStack
				
 0000				Main PROC FAR
 0000  B8 ---- R		     mov ax, DATA
 0003  8E D8			     mov ds, ax
 0005  A1 0000 R		     mov ax, a
 0008  3B 06 0002 R		     cmp ax, b
 000C  7E 25			     jle f12 ; if a <= b -> f12
				
 000E				f11: ;if a > b
 000E  A1 0004 R		     mov ax, i
 0011  B1 02			     mov cl, 2
 0013  D3 E0			     shl ax, cl; 4*i
 0015  03 06 0004 R		     add ax, i; 5*i
 0019  03 06 0004 R		     add ax, i; 6*i
 001D  2D 0004			     sub ax, 4; 6*i-4
 0020  F7 D8			     neg ax; -(6*i - 4)
 0022  A3 0008 R		     mov i1, ax
				
 0025				f21: ; a > b
 0025  A1 0004 R		     mov ax, i
 0028  2D 0001			     sub ax, 1; i - 1
 002B  D1 E0			     shl ax, 1; 2(i-1)
 002D  A3 000A R		     mov i2, ax
				
 0030  EB 24 90			     jmp f3_cmp
				
				
 0033				f12: ; a <= b
 0033  A1 0004 R		     mov ax, i
 0036  D1 E0			     shl ax, 1; (2*i)
Microsoft (R) Macro Assembler Version 5.10                  11/4/20 19:41:29
                                                             Page     1-2


 0038  03 06 0004 R		     add ax, i; (3*i)
 003C  05 0006			     add ax, 6; (3*i + 6)
 003F  A3 0008 R		     mov i1, ax
				
 0042				f22:
 0042  A1 0004 R		     mov ax, i
 0045  D1 E0			     shl ax, 1;(2*i)
 0047  03 06 0004 R		     add ax, i; (3*i)
 004B  F7 D8			     neg ax; (-3*i)
 004D  05 0002			     add ax, 2;(-3*i + 2)
 0050  A3 000A R		     mov i2, ax
				
 0053  EB 01 90			     jmp f3_cmp
				
 0056				f3_cmp:
 0056  83 3E 0006 R 00		     cmp k, 0
 005B  7D 1D			     jge f32; if k >= 0 -> f32
				
 005D				f31: ;if k<0
 005D  A1 0008 R		     mov ax, i1
 0060  3D 0000			     cmp ax, 0
 0063  7F 02			     jg f31_abs1 ; if i1 > 0
 0065  F7 D8			     neg ax ; |i1|
 0067				f31_abs1:
 0067  8B 1E 000A R		     mov bx, i2
 006B  83 FB 00			     cmp bx, 0
 006E  7F 02			     jg f31_abs2 ; if i2 > 0
 0070  F7 DB			     neg bx ;|i2|
 0072				f31_abs2:
 0072  2B C3			     sub ax, bx; |i1| - |i2|
 0074  A1 000C R		     mov ax, res
 0077  EB 1F 90				 jmp main_end
				
 007A				f32:
 007A  A1 000A R		     mov ax, i2
 007D  3D 0000			     cmp ax, 0
 0080  7F 02			     jg f32_abs2 ; if i2 > 0
 0082  F7 D8			     neg ax ; |i2|
 0084				f32_abs2:
 0084  2D 0003			     sub ax, 3; i2 - 3
 0087  3D 0004			     cmp ax, 4
 008A  7F 09			     jg f32_max_right; if |i2| - 3 > 4
 008C  C7 06 000C R 0004	     mov res, 4
 0092  EB 04 90			     jmp main_end
 0095				f32_max_right:
 0095  A3 000C R		     mov res, ax
				
 0098				main_end:
 0098  B4 4C			     mov ah, 4ch
 009A  CD 21			     int 21h
				
 009C				Main      ENDP
 009C				CODE      ENDS
				          END Main
Microsoft (R) Macro Assembler Version 5.10                  11/4/20 19:41:29
                                                             Symbols-1


Segments and Groups:

                N a m e         	Length	 Align	Combine Class

ASTACK . . . . . . . . . . . . .  	0004	PARA	STACK	
CODE . . . . . . . . . . . . . .  	009C	PARA	NONE	
DATA . . . . . . . . . . . . . .  	000E	PARA	NONE	

Symbols:            

                N a m e         	Type	 Value	 Attr

A  . . . . . . . . . . . . . . .  	L WORD	0000	DATA

B  . . . . . . . . . . . . . . .  	L WORD	0002	DATA

F11  . . . . . . . . . . . . . .  	L NEAR	000E	CODE
F12  . . . . . . . . . . . . . .  	L NEAR	0033	CODE
F21  . . . . . . . . . . . . . .  	L NEAR	0025	CODE
F22  . . . . . . . . . . . . . .  	L NEAR	0042	CODE
F31  . . . . . . . . . . . . . .  	L NEAR	005D	CODE
F31_ABS1 . . . . . . . . . . . .  	L NEAR	0067	CODE
F31_ABS2 . . . . . . . . . . . .  	L NEAR	0072	CODE
F32  . . . . . . . . . . . . . .  	L NEAR	007A	CODE
F32_ABS2 . . . . . . . . . . . .  	L NEAR	0084	CODE
F32_MAX_RIGHT  . . . . . . . . .  	L NEAR	0095	CODE
F3_CMP . . . . . . . . . . . . .  	L NEAR	0056	CODE

I  . . . . . . . . . . . . . . .  	L WORD	0004	DATA
I1 . . . . . . . . . . . . . . .  	L WORD	0008	DATA
I2 . . . . . . . . . . . . . . .  	L WORD	000A	DATA

K  . . . . . . . . . . . . . . .  	L WORD	0006	DATA

MAIN . . . . . . . . . . . . . .  	F PROC	0000	CODE	Length = 009C
MAIN_END . . . . . . . . . . . .  	L NEAR	0098	CODE

RES  . . . . . . . . . . . . . .  	L WORD	000C	DATA

@CPU . . . . . . . . . . . . . .  	TEXT  0101h		
@FILENAME  . . . . . . . . . . .  	TEXT  lab3		
@VERSION . . . . . . . . . . . .  	TEXT  510		

Microsoft (R) Macro Assembler Version 5.10                  11/4/20 19:41:29

                                                             Symbols-2






    104 Source  Lines
    104 Total   Lines
     28 Symbols

  47998 + 457212 Bytes symbol space free

      0 Warning Errors
      0 Severe  Errors
